This is e-upTeX, Version 3.141592653-p4.1.2-u2.00-250202-2.6 (utf8.sjis) (TeX Live 2025) (preloaded format=platex)
 restricted \write18 enabled.
entering extended mode
(./main_thesis.tex
pLaTeX2e <2023-02-14>+1, based on
LaTeX2e <2025-11-01>
L3 programming layer <2025-11-14>
(c:/texlive/2025/texmf-dist/tex/platex/base/jarticle.cls
Document Class: jarticle 2020/09/30 v1.8f Standard pLaTeX class
(c:/texlive/2025/texmf-dist/tex/platex/base/jsize11.clo))
(c:/texlive/2025/texmf-dist/tex/latex/amsmath/amsmath.sty
For additional information on amsmath, use the `?' option.
(c:/texlive/2025/texmf-dist/tex/latex/amsmath/amstext.sty
(c:/texlive/2025/texmf-dist/tex/latex/amsmath/amsgen.sty))
(c:/texlive/2025/texmf-dist/tex/latex/amsmath/amsbsy.sty)
(c:/texlive/2025/texmf-dist/tex/latex/amsmath/amsopn.sty))
(c:/texlive/2025/texmf-dist/tex/latex/amsfonts/amssymb.sty
(c:/texlive/2025/texmf-dist/tex/latex/amsfonts/amsfonts.sty))
(c:/texlive/2025/texmf-dist/tex/latex/graphics/graphicx.sty
(c:/texlive/2025/texmf-dist/tex/latex/graphics/keyval.sty)
(c:/texlive/2025/texmf-dist/tex/latex/graphics/graphics.sty
(c:/texlive/2025/texmf-dist/tex/latex/graphics/trig.sty)
(c:/texlive/2025/texmf-dist/tex/latex/graphics-cfg/graphics.cfg)
(c:/texlive/2025/texmf-dist/tex/latex/graphics-def/dvipdfmx.def)))
(c:/texlive/2025/texmf-dist/tex/latex/graphics/color.sty
(c:/texlive/2025/texmf-dist/tex/latex/graphics-cfg/color.cfg)
(c:/texlive/2025/texmf-dist/tex/latex/graphics/dvipsnam.def)
(c:/texlive/2025/texmf-dist/tex/latex/graphics/mathcolor.ltx))
(c:/texlive/2025/texmf-dist/tex/latex/adjustbox/adjustbox.sty
(c:/texlive/2025/texmf-dist/tex/latex/xkeyval/xkeyval.sty
(c:/texlive/2025/texmf-dist/tex/generic/xkeyval/xkeyval.tex
(c:/texlive/2025/texmf-dist/tex/generic/xkeyval/xkvutils.tex)))
(c:/texlive/2025/texmf-dist/tex/latex/adjustbox/adjcalc.sty)
(c:/texlive/2025/texmf-dist/tex/latex/adjustbox/trimclip.sty
(c:/texlive/2025/texmf-dist/tex/latex/collectbox/collectbox.sty)
(c:/texlive/2025/texmf-dist/tex/latex/adjustbox/tc-pgf.def
(c:/texlive/2025/texmf-dist/tex/latex/pgf/basiclayer/pgf.sty
(c:/texlive/2025/texmf-dist/tex/latex/pgf/utilities/pgfrcs.sty
(c:/texlive/2025/texmf-dist/tex/generic/pgf/utilities/pgfutil-common.tex)
(c:/texlive/2025/texmf-dist/tex/generic/pgf/utilities/pgfutil-latex.def)
(c:/texlive/2025/texmf-dist/tex/generic/pgf/utilities/pgfrcs.code.tex
(c:/texlive/2025/texmf-dist/tex/generic/pgf/pgf.revision.tex)))
(c:/texlive/2025/texmf-dist/tex/latex/pgf/basiclayer/pgfcore.sty
(c:/texlive/2025/texmf-dist/tex/latex/pgf/systemlayer/pgfsys.sty
(c:/texlive/2025/texmf-dist/tex/generic/pgf/systemlayer/pgfsys.code.tex
(c:/texlive/2025/texmf-dist/tex/generic/pgf/utilities/pgfkeys.code.tex
(c:/texlive/2025/texmf-dist/tex/generic/pgf/utilities/pgfkeyslibraryfiltered.co
de.tex)) (c:/texlive/2025/texmf-dist/tex/generic/pgf/systemlayer/pgf.cfg)
(c:/texlive/2025/texmf-dist/tex/generic/pgf/systemlayer/pgfsys-dvipdfmx.def
(c:/texlive/2025/texmf-dist/tex/generic/pgf/systemlayer/pgfsys-common-pdf.def))
)
(c:/texlive/2025/texmf-dist/tex/generic/pgf/systemlayer/pgfsyssoftpath.code.tex
)
(c:/texlive/2025/texmf-dist/tex/generic/pgf/systemlayer/pgfsysprotocol.code.tex
)) (c:/texlive/2025/texmf-dist/tex/latex/xcolor/xcolor.sty
(c:/texlive/2025/texmf-dist/tex/latex/graphics-cfg/color.cfg)
(c:/texlive/2025/texmf-dist/tex/latex/graphics-def/dvips.def)
(c:/texlive/2025/texmf-dist/tex/latex/graphics/mathcolor.ltx))
(c:/texlive/2025/texmf-dist/tex/generic/pgf/basiclayer/pgfcore.code.tex
(c:/texlive/2025/texmf-dist/tex/generic/pgf/math/pgfmath.code.tex
(c:/texlive/2025/texmf-dist/tex/generic/pgf/math/pgfmathutil.code.tex)
(c:/texlive/2025/texmf-dist/tex/generic/pgf/math/pgfmathparser.code.tex)
(c:/texlive/2025/texmf-dist/tex/generic/pgf/math/pgfmathfunctions.code.tex)
(c:/texlive/2025/texmf-dist/tex/generic/pgf/math/pgfmathfunctions.basic.code.te
x)
(c:/texlive/2025/texmf-dist/tex/generic/pgf/math/pgfmathfunctions.trigonometric
.code.tex)
(c:/texlive/2025/texmf-dist/tex/generic/pgf/math/pgfmathfunctions.random.code.t
ex)
(c:/texlive/2025/texmf-dist/tex/generic/pgf/math/pgfmathfunctions.comparison.co
de.tex)
(c:/texlive/2025/texmf-dist/tex/generic/pgf/math/pgfmathfunctions.base.code.tex
)
(c:/texlive/2025/texmf-dist/tex/generic/pgf/math/pgfmathfunctions.round.code.te
x)
(c:/texlive/2025/texmf-dist/tex/generic/pgf/math/pgfmathfunctions.misc.code.tex
)
(c:/texlive/2025/texmf-dist/tex/generic/pgf/math/pgfmathfunctions.integerarithm
etics.code.tex)
(c:/texlive/2025/texmf-dist/tex/generic/pgf/math/pgfmathcalc.code.tex)
(c:/texlive/2025/texmf-dist/tex/generic/pgf/math/pgfmathfloat.code.tex))
(c:/texlive/2025/texmf-dist/tex/generic/pgf/math/pgfint.code.tex)
(c:/texlive/2025/texmf-dist/tex/generic/pgf/basiclayer/pgfcorepoints.code.tex)
(c:/texlive/2025/texmf-dist/tex/generic/pgf/basiclayer/pgfcorepathconstruct.cod
e.tex)
(c:/texlive/2025/texmf-dist/tex/generic/pgf/basiclayer/pgfcorepathusage.code.te
x)
(c:/texlive/2025/texmf-dist/tex/generic/pgf/basiclayer/pgfcorescopes.code.tex)
(c:/texlive/2025/texmf-dist/tex/generic/pgf/basiclayer/pgfcoregraphicstate.code
.tex)
(c:/texlive/2025/texmf-dist/tex/generic/pgf/basiclayer/pgfcoretransformations.c
ode.tex)
(c:/texlive/2025/texmf-dist/tex/generic/pgf/basiclayer/pgfcorequick.code.tex)
(c:/texlive/2025/texmf-dist/tex/generic/pgf/basiclayer/pgfcoreobjects.code.tex)

(c:/texlive/2025/texmf-dist/tex/generic/pgf/basiclayer/pgfcorepathprocessing.co
de.tex)
(c:/texlive/2025/texmf-dist/tex/generic/pgf/basiclayer/pgfcorearrows.code.tex)
(c:/texlive/2025/texmf-dist/tex/generic/pgf/basiclayer/pgfcoreshade.code.tex)
(c:/texlive/2025/texmf-dist/tex/generic/pgf/basiclayer/pgfcoreimage.code.tex)
(c:/texlive/2025/texmf-dist/tex/generic/pgf/basiclayer/pgfcoreexternal.code.tex
) (c:/texlive/2025/texmf-dist/tex/generic/pgf/basiclayer/pgfcorelayers.code.tex
)
(c:/texlive/2025/texmf-dist/tex/generic/pgf/basiclayer/pgfcoretransparency.code
.tex)
(c:/texlive/2025/texmf-dist/tex/generic/pgf/basiclayer/pgfcorepatterns.code.tex
) (c:/texlive/2025/texmf-dist/tex/generic/pgf/basiclayer/pgfcorerdf.code.tex)))
 (c:/texlive/2025/texmf-dist/tex/generic/pgf/modules/pgfmoduleshapes.code.tex)
(c:/texlive/2025/texmf-dist/tex/generic/pgf/modules/pgfmoduleplot.code.tex)
(c:/texlive/2025/texmf-dist/tex/latex/pgf/compatibility/pgfcomp-version-0-65.st
y)
(c:/texlive/2025/texmf-dist/tex/latex/pgf/compatibility/pgfcomp-version-1-18.st
y)))) (c:/texlive/2025/texmf-dist/tex/latex/ifoddpage/ifoddpage.sty)
(c:/texlive/2025/texmf-dist/tex/latex/varwidth/varwidth.sty)
==> First Aid for varwidth.sty applied!
) (c:/texlive/2025/texmf-dist/tex/latex/here/here.sty)
(c:/texlive/2025/texmf-dist/tex/latex/float/float.sty)
(c:/texlive/2025/texmf-dist/tex/latex/caption/caption.sty
(c:/texlive/2025/texmf-dist/tex/latex/caption/caption3.sty)

Package caption Warning: Unknown document class (or package),
(caption)                standard defaults will be used.
See the caption package documentation for explanation.

) (c:/texlive/2025/texmf-dist/tex/latex/caption/subcaption.sty)
(c:/texlive/2025/texmf-dist/tex/latex/cleveref/cleveref.sty)
==> First Aid for cleveref.sty applied!
(c:/texlive/2025/texmf-dist/tex/latex/makecell/makecell.sty
(c:/texlive/2025/texmf-dist/tex/latex/tools/array.sty))
(c:/texlive/2025/texmf-dist/tex/latex/booktabs/booktabs.sty)
(c:/texlive/2025/texmf-dist/tex/latex/tools/bm.sty)
(c:/texlive/2025/texmf-dist/tex/latex/url/url.sty)
(c:/texlive/2025/texmf-dist/tex/latex/siunitx/siunitx.sty
(c:/texlive/2025/texmf-dist/tex/latex/translations/translations.sty
(c:/texlive/2025/texmf-dist/tex/latex/etoolbox/etoolbox.sty)
(c:/texlive/2025/texmf-dist/tex/generic/pdftexcmds/pdftexcmds.sty
(c:/texlive/2025/texmf-dist/tex/generic/infwarerr/infwarerr.sty)
(c:/texlive/2025/texmf-dist/tex/generic/iftex/iftex.sty)
(c:/texlive/2025/texmf-dist/tex/generic/ltxcmds/ltxcmds.sty))))
(c:/texlive/2025/texmf-dist/tex/latex/cite/cite.sty)
(c:/texlive/2025/texmf-dist/tex/latex/comment/comment.sty
Excluding comment 'comment')
(c:/texlive/2025/texmf-dist/tex/latex/placeins/placeins.sty)
(./thesis_platex.sty
(c:/texlive/2025/texmf-dist/tex/latex/needspace/needspace.sty)
(c:/texlive/2025/texmf-dist/tex/latex/fancyhdr/fancyhdr.sty))
(c:/texlive/2025/texmf-dist/tex/latex/l3backend/l3backend-dvips.def)
No file main_thesis.aux.

(c:/texlive/2025/texmf-dist/tex/latex/translations/translations-basic-dictionar
y-english.trsl) (c:/texlive/2025/texmf-dist/tex/latex/amsfonts/umsa.fd)
(c:/texlive/2025/texmf-dist/tex/latex/amsfonts/umsb.fd) (./tex/abstract.tex
[0]) [0]
No file main_thesis.toc.
[0] (./tex/introduction.tex

LaTeX Warning: Citation `schaalLearningDemonstration1996' on page 1 undefined o
n input line 8.


LaTeX Warning: Citation `zhaoLearningFineGrainedBimanual2023' on page 1 undefin
ed on input line 8.


LaTeX Warning: Citation `ravichandarRecentAdvancesRobot2020' on page 1 undefine
d on input line 8.


LaTeX Warning: Citation `ShanGenBairateraruZhiYuniJidukuMoFangXueXiniyoruSanCiY
uanQuMianShikiDongZuonoXueXi2023' on page 1 undefined on input line 8.


LaTeX Warning: Citation `yamaneSoftRigidObject2024' on page 1 undefined on inpu
t line 8.


LaTeX Warning: Citation `chenDataDrivenMethodsApplied2025' on page 1 undefined 
on input line 8.


LaTeX Warning: Citation `chiRecentProgressTechnologies2018' on page 1 undefined
 on input line 8.


LaTeX Warning: Citation `dahiyaTactileSensingHumans2010a' on page 1 undefined o
n input line 8.


LaTeX Warning: Citation `hanOverviewDevelopmentFlexible2017a' on page 1 undefin
ed on input line 8.


LaTeX Warning: Citation `shintakeSoftRoboticGrippers2018' on page 1 undefined o
n input line 8.


LaTeX Warning: Citation `zhaoLearningFineGrainedBimanual2023' on page 1 undefin
ed on input line 10.


LaTeX Warning: Citation `eljuriHapticInformedACTSoft2025' on page 1 undefined o
n input line 10.


LaTeX Warning: Citation `zhuDeformableFragileObject2025' on page 1 undefined on
 input line 10.


LaTeX Warning: Citation `ohashiSoftTactileSensors2023' on page 1 undefined on i
nput line 10.


LaTeX Warning: Citation `rosenHumanArmKinematics2005' on page 1 undefined on in
put line 12.

) [1] (./tex/method.tex

LaTeX Warning: Reference `fig:robot_system' on page 2 undefined on input line 1
0.

[2]

LaTeX Warning: Citation `armandIonicliquidMaterialsElectrochemical2009' on page
 3 undefined on input line 17.


LaTeX Warning: Reference `eq:resistance' on page 3 undefined on input line 19.


LaTeX Warning: Citation `chossatSoftStrainSensor2013' on page 3 undefined on in
put line 19.


LaTeX Warning: Citation `hammockElectronicSkin2013' on page 3 undefined on inpu
t line 26.


Overfull \hbox (45.52718pt too wide) in paragraph at lines 34--35
 [][] 

LaTeX Warning: Citation `zhaoLearningFineGrainedBimanual2023' on page 3 undefin
ed on input line 39.

[3] [4] [5]

LaTeX Warning: Citation `cadene2024lerobot' on page 6 undefined on input line 8
5.

) [6] [7] (./tex/experimental.tex [8]

LaTeX Warning: Reference `tab:success_rate_30mm' on page 9 undefined on input l
ine 104.


LaTeX Warning: Reference `tab:success_rate_0mm' on page 9 undefined on input li
ne 104.

[9] [10] [11] [12] [13]) [14] [15] (./tex/discussion.tex [16]) [17]
(./tex/conclusion.tex) (./tex/acknowledgements.tex [18])
No file main_thesis.bbl.
(./tex/appendix.tex [19]

LaTeX Warning: Reference `tab:system_specs' on page 20 undefined on input line 
5.

[20] [21]) [22] (./main_thesis.aux)

LaTeX Warning: There were undefined references.


LaTeX Warning: Label(s) may have changed. Rerun to get cross-references right.

 )
(see the transcript file for additional information)
Output written on main_thesis.dvi (25 pages, 75816 bytes).
Transcript written on main_thesis.log.
(guessed encoding #3: UTF-8 = utf8)(guessed encoding #5: ISO-2022-JP = jis)(guessed encoding #6: ASCII = utf8)(guessed encoding #5: ASCII = utf8)(guessed encoding #6: ASCII = utf8)(guessed encoding #7: ASCII = utf8)(guessed encoding #6: ASCII = utf8)(guessed encoding #6: ASCII = utf8)(guessed encoding #5: ASCII = utf8)(guessed encoding #6: ASCII = utf8)(guessed encoding #5: ASCII = utf8)(guessed encoding #6: ASCII = utf8)(guessed encoding #6: ASCII = utf8)(guessed encoding #7: ASCII = utf8)(guessed encoding #7: ASCII = utf8)(guessed encoding #7: ASCII = utf8)(guessed encoding #5: ASCII = utf8)(guessed encoding #6: ASCII = utf8)(guessed encoding #6: ASCII = utf8)(guessed encoding #6: ASCII = utf8)(guessed encoding #5: ASCII = utf8)(guessed encoding #6: ASCII = utf8)(guessed encoding #7: ASCII = utf8)(guessed encoding #8: ASCII = utf8)(guessed encoding #6: ASCII = utf8)(guessed encoding #6: ASCII = utf8)(guessed encoding #7: ASCII = utf8)(guessed encoding #7: ASCII = utf8)(guessed encoding #8: ASCII = utf8)(guessed encoding #9: ASCII = utf8)(guessed encoding #10: ASCII = utf8)(guessed encoding #10: ASCII = utf8)(guessed encoding #10: ASCII = utf8)(guessed encoding #12: ASCII = utf8)(guessed encoding #9: ASCII = utf8)(guessed encoding #10: ASCII = utf8)(guessed encoding #11: ASCII = utf8)(guessed encoding #12: ASCII = utf8)(guessed encoding #13: ASCII = utf8)(guessed encoding #12: ASCII = utf8)(guessed encoding #13: ASCII = utf8)(guessed encoding #14: ASCII = utf8)(guessed encoding #11: ASCII = utf8)(guessed encoding #11: ASCII = utf8)(guessed encoding #10: ASCII = utf8)(guessed encoding #11: ASCII = utf8)(guessed encoding #11: ASCII = utf8)(guessed encoding #11: ASCII = utf8)(guessed encoding #10: ASCII = utf8)(guessed encoding #11: ASCII = utf8)(guessed encoding #12: ASCII = utf8)(guessed encoding #12: ASCII = utf8)(guessed encoding #12: ASCII = utf8)(guessed encoding #12: ASCII = utf8)(guessed encoding #12: ASCII = utf8)(guessed encoding #12: ASCII = utf8)(guessed encoding #12: ASCII = utf8)(guessed encoding #12: ASCII = utf8)(guessed encoding #12: ASCII = utf8)(guessed encoding #12: ASCII = utf8)(guessed encoding #12: ASCII = utf8)(guessed encoding #12: ASCII = utf8)(guessed encoding #12: ASCII = utf8)(guessed encoding #11: ASCII = utf8)(guessed encoding #11: ASCII = utf8)(guessed encoding #11: ASCII = utf8)(guessed encoding #11: ASCII = utf8)(guessed encoding #11: ASCII = utf8)(guessed encoding #11: ASCII = utf8)(guessed encoding #11: ASCII = utf8)(guessed encoding #11: ASCII = utf8)(guessed encoding #11: ASCII = utf8)(guessed encoding #11: ASCII = utf8)(guessed encoding #11: ASCII = utf8)(guessed encoding #11: ASCII = utf8)(guessed encoding #11: ASCII = utf8)(guessed encoding #11: ASCII = utf8)(guessed encoding #11: ASCII = utf8)(guessed encoding #11: ASCII = utf8)(guessed encoding #11: ASCII = utf8)(guessed encoding #11: ASCII = utf8)(guessed encoding #9: ASCII = utf8)(guessed encoding #9: ASCII = utf8)(guessed encoding #9: ASCII = utf8)(guessed encoding #9: ASCII = utf8)(guessed encoding #6: ASCII = utf8)(guessed encoding #6: ASCII = utf8)(guessed encoding #5: ASCII = utf8)(guessed encoding #5: ASCII = utf8)(guessed encoding #5: ASCII = utf8)(guessed encoding #6: ASCII = utf8)(guessed encoding #5: ASCII = utf8)(guessed encoding #5: ASCII = utf8)(guessed encoding #5: ASCII = utf8)(guessed encoding #6: ASCII = utf8)(guessed encoding #5: ASCII = utf8)(guessed encoding #5: ASCII = utf8)(guessed encoding #5: ASCII = utf8)(guessed encoding #5: ASCII = utf8)(guessed encoding #6: ASCII = utf8)(guessed encoding #7: ASCII = utf8)(guessed encoding #7: ASCII = utf8)(guessed encoding #8: ASCII = utf8)(guessed encoding #8: ASCII = utf8)(guessed encoding #8: ASCII = utf8)(guessed encoding #5: ASCII = utf8)(guessed encoding #5: ASCII = utf8)(guessed encoding #5: ASCII = utf8)(guessed encoding #5: UTF-8 = utf8)(guessed encoding #6: ASCII = utf8)(guessed encoding #6: ASCII = utf8)(guessed encoding #5: ASCII = utf8)(guessed encoding #6: ASCII = utf8)(guessed encoding #6: ASCII = utf8)(guessed encoding #6: ASCII = utf8)(guessed encoding #6: UTF-8 = utf8)(guessed encoding #8: UTF-8 = utf8)(guessed encoding #8: UTF-8 = utf8)(guessed encoding #8: UTF-8 = utf8)(guessed encoding #8: UTF-8 = utf8)(guessed encoding #8: UTF-8 = utf8)(guessed encoding #8: UTF-8 = utf8)(guessed encoding #8: UTF-8 = utf8)(guessed encoding #5: UTF-8 = utf8)
